don't	don't	d o n ' t
it's	it's	i t ' s
rock 'n' roll	rock 'n' roll	r o c k  ' n '  r o l l
well-known	well-known	w e l l k n o w n
state-of-the-art	state-of-the-art	s t a t e o f t h e a r t
U.S.A.	u s a	u s a
e.g.	e g	e g
Dr.	dr	d r
Mr. Smith	mr smith	m r  s m i t h
St. Mary's	st mary's	s t  m a r y ' s
100%		
3.14		
1,000,000		
$42.50		
€9.99		
2024-04-15	2024-04-15	
3:45 PM	 pm	  p m
#1		
&		
@user	user	u s e r
C++	c	c
AT&T	at t	a t t
café	café	c a f e
naïve	naïve	n a i v e
Ångström	ångström	a a n g s t r o e m
façade	façade	f a s a d e
résumé	résumé	r e s u m e
ñoño	ñoño	n o n o
HELLO	hello	h e l l o
iPhone	iphone	i p h o n e
MacDonald	macdonald	m a c d o n a l d
hello   world	hello   world	h e l l o      w o r l d
leading space	leading space	l e a d i n g  s p a c e
trailing space	trailing space	t r a i l i n g  s p a c e
line\nbreak	line\nbreak	l i n e n b r e a k
tab\there	tab\there	t a b t h e r e
vis-à-vis	vis-à-vis	v i s a v i s
Häagen-Dazs	häagen-dazs	h a e a g e n d a z s
über-cool	über-cool	u e b e r c o o l
40km/h	40km h	k m h
c/o	c o	c o
P.O. Box 4B	p o box 4b	p o  b o x  b
COVID-19	covid-19	c o v i d
Bonjour!	bonjour	b o n j o u r
¿Cómo estás?	cómo estás	c o m o  e s t a s
garçon	garçon	g a r s o n
Zürich	zürich	z u e r i c h
São Paulo	são paulo	s a o  p a u l o
I love you ❤️	i love you ❤️	i  l o v e  y o u  
let's go 🚀🚀🚀	let's go 🚀🚀🚀	l e t ' s  g o  
good morning ☀️	good morning ☀️	g o o d  m o r n i n g  
score: 10/10 🔥	score  🔥	s c o r e    
hello 👋 world	hello 👋 world	h e l l o    w o r l d
😂😂😂	😂😂😂	
100% 💯	 💯	  
π ≈ 3.14159	π ≈ 	p    
E = mc²	e  mc2	e    m c
x² + y² = z²	x2  y2  z2	x    y    z
∑(n=1..∞)	∑	
√144	√144	
≤ 10 onces	≤ 10 onces	    o n c e s
≥ 99	≥ 99	  
±0.5	±0	
→ next step	 next step	  n e x t  s t e p
© 2024 Acme Inc.	 2024 acme inc	    a c m e  i n c
® trademark	® trademark	  t r a d e m a r k
™ brand	tm brand	t m  b r a n d
§ 42	§ 42	  
† footnote	 footnote	  f o o t n o t e
‡ double dagger	 double dagger	  d o u b l e  d a g g e r
- bullet point	- bullet point	  b u l l e t  p o i n t
… and so on	 and so on	  a n d  s o  o n
« quoted text »	 quoted text 	  q u o t e d  t e x t  
"smart quotes"	smart quotes	s m a r t  q u o t e s
'single smart quotes'	'single smart quotes'	' s i n g l e  s m a r t  q u o t e s '
–en dash–	–en dash–	e n  d a s h
—em dash—	—em dash—	e m  d a s h
zero​width​space	zerowidthspace	z e r o w i d t h s p a c e
non‑breaking‑hyphen	non‐breaking‐hyphen	n o n b r e a k i n g h y p h e n
\t\n\r mixed escapes	\t\n\r mixed escapes	t n r  m i x e d  e s c a p e s
null\x00byte	null\x00byte	n u l l x b y t e
del\x7fchar	del\x7fchar	d e l x f c h a r
<b>html tag</b>	b html tag b	b h t m l  t a g b
&amp; &lt; &gt;	amp  	a m p    
http://example.com	http example com	h t t p e x a m p l e c o m
user@example.com	user example com	u s e r e x a m p l e c o m
#hashtag	hashtag	h a s h t a g
@mention	mention	m e n t i o n
