The quick brown fox jumps over the lazy dog.	<star>  t h e  <star>  q u i c k  <star>  b r o w n  <star>  f o x  <star>  j u m p s  <star>  o v e r  <star>  t h e  <star>  l a z y  <star>  d o g	<star> The <star> quick <star> brown <star> fox <star> jumps <star> over <star> the <star> lazy <star> dog.
Curae leves loquuntur ingentes stupent.	<star>  c u r a e  <star>  l e v e s  <star>  l o q u u n t u r  <star>  i n g e n t e s  <star>  s t u p e n t	<star> Curae <star> leves <star> loquuntur <star> ingentes <star> stupent.
Sphinx of black quartz judge my vow.	<star>  s p h i n x  <star>  o f  <star>  b l a c k  <star>  q u a r t z  <star>  j u d g e  <star>  m y  <star>  v o w	<star> Sphinx <star> of <star> black <star> quartz <star> judge <star> my <star> vow.
Pack my box with five dozen liquor jugs.	<star>  p a c k  <star>  m y  <star>  b o x  <star>  w i t h  <star>  f i v e  <star>  d o z e n  <star>  l i q u o r  <star>  j u g s	<star> Pack <star> my <star> box <star> with <star> five <star> dozen <star> liquor <star> jugs.
How vexingly quick daft zebras jump.	<star>  h o w  <star>  v e x i n g l y  <star>  q u i c k  <star>  d a f t  <star>  z e b r a s  <star>  j u m p	<star> How <star> vexingly <star> quick <star> daft <star> zebras <star> jump.
Bright vixens jump dozy fowl quack.	<star>  b r i g h t  <star>  v i x e n s  <star>  j u m p  <star>  d o z y  <star>  f o w l  <star>  q u a c k	<star> Bright <star> vixens <star> jump <star> dozy <star> fowl <star> quack.
Jackdaws love my big sphinx of quartz.	<star>  j a c k d a w s  <star>  l o v e  <star>  m y  <star>  b i g  <star>  s p h i n x  <star>  o f  <star>  q u a r t z	<star> Jackdaws <star> love <star> my <star> big <star> sphinx <star> of <star> quartz.
Waltz nymph for quick jigs vex bud.	<star>  w a l t z  <star>  n y m p h  <star>  f o r  <star>  q u i c k  <star>  j i g s  <star>  v e x  <star>  b u d	<star> Waltz <star> nymph <star> for <star> quick <star> jigs <star> vex <star> bud.
Crazy Frederick bought many very exquisite opal jewels.	<star>  c r a z y  <star>  f r e d e r i c k  <star>  b o u g h t  <star>  m a n y  <star>  v e r y  <star>  e x q u i s i t e  <star>  o p a l  <star>  j e w e l s	<star> Crazy <star> Frederick <star> bought <star> many <star> very <star> exquisite <star> opal <star> jewels.
Five quacking zephyrs jolt my wax bed.	<star>  f i v e  <star>  q u a c k i n g  <star>  z e p h y r s  <star>  j o l t  <star>  m y  <star>  w a x  <star>  b e d	<star> Five <star> quacking <star> zephyrs <star> jolt <star> my <star> wax <star> bed.
The job requires extra quick movement and sharp focus.	<star>  t h e  <star>  j o b  <star>  r e q u i r e s  <star>  e x t r a  <star>  q u i c k  <star>  m o v e m e n t  <star>  a n d  <star>  s h a r p  <star>  f o c u s	<star> The <star> job <star> requires <star> extra <star> quick <star> movement <star> and <star> sharp <star> focus.
A wizard’s job is to vex chumps quickly in fog.	<star>  a  <star>  w i z a r d ' s  <star>  j o b  <star>  i s  <star>  t o  <star>  v e x  <star>  c h u m p s  <star>  q u i c k l y  <star>  i n  <star>  f o g	<star> A <star> wizard’s <star> job <star> is <star> to <star> vex <star> chumps <star> quickly <star> in <star> fog.
Sphinxes of black quartz judge vow quickly and justly.	<star>  s p h i n x e s  <star>  o f  <star>  b l a c k  <star>  q u a r t z  <star>  j u d g e  <star>  v o w  <star>  q u i c k l y  <star>  a n d  <star>  j u s t l y	<star> Sphinxes <star> of <star> black <star> quartz <star> judge <star> vow <star> quickly <star> and <star> justly.
The five boxing wizards jump quickly.	<star>  t h e  <star>  f i v e  <star>  b o x i n g  <star>  w i z a r d s  <star>  j u m p  <star>  q u i c k l y	<star> The <star> five <star> boxing <star> wizards <star> jump <star> quickly.
We promptly judged antique ivory buckles for the next prize.	<star>  w e  <star>  p r o m p t l y  <star>  j u d g e d  <star>  a n t i q u e  <star>  i v o r y  <star>  b u c k l e s  <star>  f o r  <star>  t h e  <star>  n e x t  <star>  p r i z e	<star> We <star> promptly <star> judged <star> antique <star> ivory <star> buckles <star> for <star> the <star> next <star> prize.
Back in June we delivered oxygen equipment for the village clinic.	<star>  b a c k  <star>  i n  <star>  j u n e  <star>  w e  <star>  d e l i v e r e d  <star>  o x y g e n  <star>  e q u i p m e n t  <star>  f o r  <star>  t h e  <star>  v i l l a g e  <star>  c l i n i c	<star> Back <star> in <star> June <star> we <star> delivered <star> oxygen <star> equipment <star> for <star> the <star> village <star> clinic.
He brought pizza quickly to fix hungry guests at the office.	<star>  h e  <star>  b r o u g h t  <star>  p i z z a  <star>  q u i c k l y  <star>  t o  <star>  f i x  <star>  h u n g r y  <star>  g u e s t s  <star>  a t  <star>  t h e  <star>  o f f i c e	<star> He <star> brought <star> pizza <star> quickly <star> to <star> fix <star> hungry <star> guests <star> at <star> the <star> office.
Vexed judges watch fog banks drift across quiet valleys.	<star>  v e x e d  <star>  j u d g e s  <star>  w a t c h  <star>  f o g  <star>  b a n k s  <star>  d r i f t  <star>  a c r o s s  <star>  q u i e t  <star>  v a l l e y s	<star> Vexed <star> judges <star> watch <star> fog <star> banks <star> drift <star> across <star> quiet <star> valleys.
The cyclist raced quickly through zigzag mountain roads.	<star>  t h e  <star>  c y c l i s t  <star>  r a c e d  <star>  q u i c k l y  <star>  t h r o u g h  <star>  z i g z a g  <star>  m o u n t a i n  <star>  r o a d s	<star> The <star> cyclist <star> raced <star> quickly <star> through <star> zigzag <star> mountain <star> roads.
Bright minds solve complex puzzles with ease and speed.	<star>  b r i g h t  <star>  m i n d s  <star>  s o l v e  <star>  c o m p l e x  <star>  p u z z l e s  <star>  w i t h  <star>  e a s e  <star>  a n d  <star>  s p e e d	<star> Bright <star> minds <star> solve <star> complex <star> puzzles <star> with <star> ease <star> and <star> speed.
